// Jest Snapshot v1, https://goo.gl/fbAQLP

exports[`don't generate TOC 1`] = `
"bbb

## Options

### \`\\"always\\"\`

ccc

### \`\\"never\\"\`

ddd

## Optional secondary options

### \`except: [\\"after-comment\\", \\"after-declaration\\", \\"first-nested\\"]\`

#### \`\\"after-comment\\"\`

eee

#### \`\\"after-declaration\\"\`

fff
"
`;

exports[`don't generate if TOC is only one level deep in a rule page 1`] = `
"bbb

## Options

### \`\\"always\\"\`

ccc
"
`;

exports[`generate if TOC comment before h2 heading 1`] = `
"bbb

-   [ccc](#ccc)

## ccc

ddd
    
"
`;

exports[`generate if TOC comment before h3 heading 1`] = `
"bbb

## ccc

-   [ddd](#ddd)

### ddd

eee
    
"
`;

exports[`generate on a rule page before Options 1`] = `
"bbb

-   [Options](#options)

    -   [\\"always\\"](#always)
    -   [\\"never\\"](#never)

-   [Optional secondary options](#optional-secondary-options)

    -   [except: \\\\[\\"after-comment\\", \\"after-declaration\\", \\"first-nested\\"\\\\]](#except-after-comment-after-declaration-first-nested)

        -   [\\"after-comment\\"](#after-comment)
        -   [\\"after-declaration\\"](#after-declaration)

## Options

### \`\\"always\\"\`

ccc

### \`\\"never\\"\`

ddd

## Optional secondary options

### \`except: [\\"after-comment\\", \\"after-declaration\\", \\"first-nested\\"]\`

#### \`\\"after-comment\\"\`

eee

#### \`\\"after-declaration\\"\`

fff
"
`;

exports[`generate on a rule page if Options has more than one section 1`] = `
"bbb

-   [Options](#options)

    -   [\\"always\\"](#always)
    -   [\\"never\\"](#never)

## Options

### \`\\"always\\"\`

ccc

### \`\\"never\\"\`

ddd
"
`;

exports[`generate on a rule page if comment exist 1`] = `
"# aaa

-   [ab](#ab)

-   [Options](#options)

    -   [\\"always\\"](#always)
    -   [\\"never\\"](#never)

-   [Optional secondary options](#optional-secondary-options)

    -   [except: \\\\[\\"after-comment\\", \\"after-declaration\\", \\"first-nested\\"\\\\]](#except-after-comment-after-declaration-first-nested)

        -   [\\"after-comment\\"](#after-comment)
        -   [\\"after-declaration\\"](#after-declaration)

## ab

bbb

## Options

### \`\\"always\\"\`

ccc

### \`\\"never\\"\`

ddd

## Optional secondary options

### \`except: [\\"after-comment\\", \\"after-declaration\\", \\"first-nested\\"]\`

#### \`\\"after-comment\\"\`

eee

#### \`\\"after-declaration\\"\`

fff
"
`;

exports[`generate on any page if comment exist 1`] = `
"# aaa

-   [ab](#ab)

-   [Options](#options)

    -   [\\"always\\"](#always)
    -   [\\"never\\"](#never)

-   [Optional secondary options](#optional-secondary-options)

    -   [except: \\\\[\\"after-comment\\", \\"after-declaration\\", \\"first-nested\\"\\\\]](#except-after-comment-after-declaration-first-nested)

        -   [\\"after-comment\\"](#after-comment)
        -   [\\"after-declaration\\"](#after-declaration)

## ab

bbb

## Options

### \`\\"always\\"\`

ccc

### \`\\"never\\"\`

ddd

## Optional secondary options

### \`except: [\\"after-comment\\", \\"after-declaration\\", \\"first-nested\\"]\`

#### \`\\"after-comment\\"\`

eee

#### \`\\"after-declaration\\"\`

fff
"
`;
